SomeListMessage:
  stringList:
    listType: String
  intList:
    listType: int
