OuterMessage:
  innerField: InnerMessage
  stringField: String

InnerMessage:
  anotherField: String
