OuterMessageWithList:
  innerField:
    listType: InnerMessageInList

InnerMessageInList:
  anotherField: String
